// Jest Snapshot v1, https://goo.gl/fbAQLP

exports[`SearchFrom renders 1`] = `[Function]`;
